// Jest Snapshot v1, https://goo.gl/fbAQLP

exports[`LoggedInNav Component Snapshot test Renders the UI as expected 1`] = `
<nav
  className="Nav"
>
  <a
    aria-current={null}
    href="/home"
    onClick={[Function]}
  >
    <div>
      Home
    </div>
  </a>
  <a
    aria-current={null}
    href="/my-ideas"
    onClick={[Function]}
  >
    <div>
      My Ideas
    </div>
  </a>
  <a
    aria-current={null}
    href="/tracked-ideas"
    onClick={[Function]}
  >
    <div>
      Following
    </div>
  </a>
  <a
    aria-current={null}
    href="/login"
    onClick={[Function]}
  >
    <div>
      Logout
    </div>
  </a>
</nav>
`;
