// Jest Snapshot v1, https://goo.gl/fbAQLP

exports[`RegistrationForm Component Snapshot test Renders the UI as expected 1`] = `
<div
  className="login-container"
>
  <form
    className="login-form"
    onSubmit={[Function]}
  >
    <legend />
    <fieldset>
      <div
        className="column"
      >
        <div
          className="formInputContainer"
        >
          <label
            htmlFor="username"
          >
            Username
          </label>
          <input
            id="username"
            name="username"
          />
        </div>
        <div
          className="formInputContainer"
        >
          <label
            htmlFor="password"
          >
            Password
          </label>
          <input
            id="password"
            name="password"
          />
        </div>
        <div
          className="buttonContainer"
        >
          <button>
            Register
          </button>
        </div>
      </div>
    </fieldset>
  </form>
</div>
`;
